Archive member included       because of file (symbol)

/home/boffo/usr7/rush/game/MB/zmb.a(mb_poly.o)
                              obj/visuals.o (ZOID_UpdatePoly)
/home/boffo/usr7/rush/game/MB/zmb.a(mb_lights.o)
                              obj/init.o (ZOID_SetLightDir)
/home/boffo/usr7/rush/game/MB/zmb.a(mb_main.o)
                              obj/init.o (ZOID_Reset)
/home/boffo/usr7/rush/game/MB/zmb.a(mb_objects.o)
                              /home/boffo/usr7/rush/game/MB/zmb.a(mb_main.o) (InitSortObjects)
/home/boffo/usr7/rush/game/MB/zmb.a(mb_tex.o)
                              /home/boffo/usr7/rush/game/MB/zmb.a(mb_main.o) (ResetTextures)
/home/boffo/usr7/rush/game/MB/zmb.a(mb_state.o)
                              /home/boffo/usr7/rush/game/MB/zmb.a(mb_main.o) (InitWindows)
/home/boffo/usr7/rush/game/MB/zmb.a(mb_blit.o)
                              /home/boffo/usr7/rush/game/MB/zmb.a(mb_main.o) (DrawOverlayBlits)
/home/boffo/usr7/rush/game/MB/zmb.a(mb_struct.o)
                              obj/select.o (ZOID_ChangeTexture)
/home/boffo/usr7/rush/game/MB/zmb.a(mb_model.o)
                              obj/targets.o (MBOX_GetObjectName)
/home/boffo/usr7/rush/game/MB/zmb.a(mb_util.o)
                              obj/targets.o (safe_expf)
/home/boffo/usr7/rush/game/MB/zmb.a(mb_camera.o)
                              /home/boffo/usr7/rush/game/MB/zmb.a(mb_main.o) (MB_UpdateCamera)
/home/boffo/usr7/rush/game/MB/zmb.a(mb_math.o)
                              /home/boffo/usr7/rush/game/MB/zmb.a(mb_main.o) (init_sqrtinvtab)
/home/boffo/usr7/rush/game/MB/zmb.a(mb_simpleclip.o)
                              /home/boffo/usr7/rush/game/MB/zmb.a(mb_poly.o) (doSimpleClipTri)
/home/boffo/usr7/rush/game/MB/zmb.a(mb_simple.o)
                              /home/boffo/usr7/rush/game/MB/zmb.a(mb_poly.o) (CheckFIFO)
/home/boffo/usr7/rush/game/OS/libos.a(phx_shims.o)
                              /home/boffo/usr7/rush/game/OS/phx_root.o (BootUp)
/home/boffo/usr7/rush/game/OS/libos.a(idtc4000.o)
                              /home/boffo/usr7/rush/game/OS/phx_root.o (config_cache)
/home/boffo/usr7/rush/game/OS/libos.a(fexcp.o)
                              /home/boffo/usr7/rush/game/OS/libos.a(phx_shims.o) (init_fpu)
/home/boffo/usr7/rush/game/OS/libos.a(memcpyrxk.o)
                              obj/dis.o (memcpy)
/home/boffo/usr7/rush/game/OS/libos.a(phx_time.o)
                              /home/boffo/usr7/rush/game/OS/libos.a(phx_shims.o) (tq_maint)
/home/boffo/usr7/rush/game/OS/libos.a(dispatch.o)
                              /home/boffo/usr7/rush/game/OS/libos.a(phx_shims.o) (timervec)
/home/boffo/usr7/rush/game/OS/libos.a(selftest.o)
                              /home/boffo/usr7/rush/game/OS/libos.a(phx_shims.o) (SelfTest)
/home/boffo/usr7/rush/game/OS/libos.a(pm.o)
                              /home/boffo/usr7/rush/game/OS/libos.a(selftest.o) (pm_dump)
/home/boffo/usr7/rush/game/OS/libos.a(eedrive.o)
                              /home/boffo/usr7/rush/game/OS/libos.a(phx_shims.o) (eer_action)
/home/boffo/usr7/rush/game/OS/libos.a(cdec_hex.o)
                              /home/boffo/usr7/rush/game/OS/libos.a(eedrive.o) (utl_cdec)
/home/boffo/usr7/rush/game/OS/libos.a(random.o)
                              obj/fmath.o (srand)
/home/boffo/usr7/rush/game/OS/libos.a(stats.o)
                              obj/stats.o (eer_play)
/home/boffo/usr7/rush/game/OS/libos.a(mallocr.o)
                              obj/init.o (prc_extend_bss)
/home/boffo/usr7/rush/game/OS/libos.a(audio.o)
                              obj/sounds.o (aud_put)
/home/boffo/usr7/rush/game/OS/libos.a(phx_coin.o)
                              /home/boffo/usr7/rush/game/OS/libos.a(stats.o) (cn_total_coins)
/home/boffo/usr7/rush/game/OS/libos.a(pots.o)
                              obj/pots.o (pot_raw)
/home/boffo/usr7/rush/game/OS/libos.a(gamedefs.o)
                              /home/boffo/usr7/rush/game/OS/libos.a(stats.o) (t_msg_clear)
/home/boffo/usr7/rush/game/OS/libos.a(qio_rmt.o)
                              /home/boffo/usr7/rush/game/OS/libos.a(selftest.o) (rmt_init)
/home/boffo/usr7/rush/game/OS/libos.a(sst_vid.o)
                              /home/boffo/usr7/rush/game/OS/libos.a(selftest.o) (vid_set_vb)
/home/boffo/usr7/rush/game/OS/libos.a(sst_text.o)
                              /home/boffo/usr7/rush/game/OS/libos.a(sst_vid.o) (txt_vsptr)
/home/boffo/usr7/rush/game/OS/libos.a(sst_an.o)
                              /home/boffo/usr7/rush/game/OS/libos.a(sst_text.o) (an_stamps)
/home/boffo/usr7/rush/game/OS/libos.a(phx_stubs.o)
                              /home/boffo/usr7/rush/game/OS/libos.a(sst_vid.o) (init_3dfx_pci)
/home/boffo/usr7/rush/game/OS/libos.a(ram_test.o)
                              /home/boffo/usr7/rush/game/OS/libos.a(gamedefs.o) (RAM_group)
/home/boffo/usr7/rush/game/OS/libos.a(mem_test.o)
                              /home/boffo/usr7/rush/game/OS/libos.a(ram_test.o) (f_ram_test)
[...]
Memory Configuration

Name             Origin             Length            
prog             0x0000000080000000 0x0000000000280000
stuff            0x0000000000000000 0x0000000010000000
junk             0x0000000000000000 0x0000000000000000
*default*        0x0000000000000000 0xffffffffffffffff

Linker script and memory map

                0x0000000000000000                _DYNAMIC_LINK=0x0

.text           0x0000000080000000    0xe0bb0
                0x0000000080000000                _ftext=.
                0x0000000080000000                text_start=.
 /home/boffo/usr7/rush/game/OS/phx_root.o(.rodata)
 .rodata        0x0000000080000000    0x10000 /home/boffo/usr7/rush/game/OS/phx_root.o
                0x0000000080000180                vec3
                0x0000000080000400                pm_start
                0x0000000080000000                startup
                0x0000000080000200                vec4
                0x000000008000037c                stub_running
                0x0000000080000080                vec1
                0x0000000080000000                romv_tbl
                0x0000000080000400                powerUp
                0x0000000080000404                pm_data
                0x0000000080000380                vec7
                0x0000000080000100                vec2
                0x0000000080000300                vec6
                0x0000000080000280                vec5
                0x00000000800004fc                pm_end
 *(.text)
 .text          0x0000000080010000     0x1560 /home/boffo/usr7/rush/game/OS/phx_root.o
                0x0000000080010858                prc_get_ipl
                0x00000000800107d0                prc_enable_cp1
                0x000000008001150c                go_to_self_test
                0x00000000800108f8                prc_get_count
                0x00000000800107f8                prc_set_fpcsr
                0x00000000800113b8                prc_inv_pdcache
                0x0000000080010818                prc_get_fpcsr
                0x00000000800114ec                mem_test_msgs
                0x0000000080010908                prc_get_compare
                0x00000000800108a0                prc_set_sr
                0x0000000080011388                prc_flush_pdcache
                0x0000000080010000                boot_entry
                0x0000000080010000                begin
                0x00000000800112f8                zag_test_bram
                0x0000000080010a98                normal_exception
                0x0000000080010ed8                prc_panic
                0x0000000080010730                prc_blink_led
                0x00000000800108c0                prc_adj_msclock
                0x0000000080010790                prc_wait_n_usecs
                0x0000000080010828                prc_get_cause
                0x0000000080011510                prc_reset_hardware
                0x0000000080010838                prc_set_cause
                0x0000000080010cb0                returnToUser
                0x0000000080010918                prc_set_count
                0x0000000080010958                prc_set_ipl
                0x0000000080010e78                wait_forever
                0x00000000800109f0                except
                0x0000000080010868                prc_isie
                0x0000000080010938                prc_set_compare
 .text          0x0000000080011560       0x10 obj/root.o
 .text          0x0000000080011570     0x3480 obj/attract.o
                0x0000000080014310                AddJoinNow
                0x0000000080013a54                AnimateTimer
                0x000000008001326c                ShowGameOver
                0x0000000080011570                InitAttract
                0x0000000080013e08                AnimateBlink
                0x00000000800140c4                AnimateCreds
                0x00000000800131d4                choose_next_tune
                0x0000000080011980                AttractForce
                0x0000000080012970                ShowTransit
                0x00000000800119c8                raceAvailable
                0x0000000080011a90                attract
                0x000000008001308c                play_demogame
                0x0000000080012cb8                AnimateTransit
 .text          0x00000000800149f0     0x3480 obj/camera.o
                0x00000000800149f0                init_view
                0x0000000080016b48                DeathCam
                0x0000000080015ce8                update_car_object
                0x00000000800169c0                UpdateCarObj
                0x0000000080017280                circle_camera_around_car
                0x0000000080017bb0                point_at_car
                0x0000000080014e08                CheckCameraView
                0x000000008001530c                setcamview
                0x0000000080014d30                SetMCamera
                0x00000000800152ac                view1_suscomp_offset
                0x0000000080015d3c                View3Cam
                0x00000000800175d8                steady_move_cam
                0x0000000080014a24                init_view3
                0x0000000080014af8                SelectCam
                0x000000008001738c                init_camera_on_track
                0x00000000800174fc                init_steady_move_cam
                0x0000000080017488                fix_camera_in_space
                0x000000008001792c                init_maxpath_cam
                0x0000000080014ac8                ZeroCamera
                0x0000000080017cf4                LookInDir
                0x00000000800179dc                maxpath_cam
                0x0000000080014d00                UpdateCam
 .text          0x0000000080017e70     0x2ad0 obj/carsnd.o
                0x000000008001a740                StartRadio
                0x000000008001a5c0                init_skids
                0x00000000800193f4                kill_scrape_sound
                0x0000000080019448                target_inside_box
                0x000000008001873c                do_bump_sounds
                0x00000000800197a8                StartEngineSound
                0x0000000080017fb4                DoCarSounds
                0x0000000080019528                target_sound
                0x0000000080017e70                InitSndState
                0x0000000080019068                check_forces_on_car
                0x000000008001a7b4                handle_reverb
                0x0000000080017e84                InitCarSnds
                0x0000000080019114                get_force_and_peak
                0x00000000800199a8                StopEngineSound
                0x00000000800193b4                init_bump
                0x0000000080017f38                init_bump_sounds
                0x000000008001983c                DoEngineSound
                0x000000008001a71c                StopRadio
                0x00000000800199c8                DoTireSqueals
                0x000000008001a764                init_reverb
                0x0000000080017f94                DoIntCarSounds
 .text          0x000000008001a940     0x3dd0 obj/checkpoint.o
                0x000000008001e4bc                fwd_path_points
                0x000000008001e224                display_path_points
                0x000000008001d104                CarPassedCheckpoint
                0x000000008001b6c0                get_next_center
                0x000000008001e58c                update_lap_counter
                0x000000008001a940                init_cp_data
                0x000000008001dd7c                del_chkpnt
                0x000000008001d954                display_chkpnts
                0x000000008001ddac                fwd_chkpnt
                0x000000008001d208                CarReportsGameOver
                0x000000008001e518                back_path_points
                0x000000008001dd4c                add_chkpnt
                0x000000008001bf1c                JumpToNextCP
                0x000000008001bf6c                set_game_time_to_one_second
                0x000000008001cc8c                FPlaceOneCP
                0x000000008001b7b0                get_prev_center
                0x000000008001c02c                get_next_checkpoint
                0x000000008001c664                PassedCP
                0x000000008001ccfc                check_everyones_checkpoints
                0x000000008001bef4                init_cp_time
                0x000000008001dfe8                back_chkpnt
                0x000000008001b8c8                InitCPS
                0x000000008001c054                CheckCPs
                0x000000008001cbf0                FPutCheckpoints
 .text          0x000000008001e710      0x100 obj/cksum.o
                0x000000008001e7a0                ckSumGet
 .text          0x000000008001e810     0x14c0 obj/collision.o
                0x000000008001e8a4                collision
                0x000000008001f118                setCollisionDamage
                0x000000008001fc48                distributeForce
                0x000000008001f2c4                simpleCollForce
                0x000000008001ec0c                ForceApart
                0x000000008001eb68                PointInBody
                0x000000008001fa28                CollForceOtherIn
                0x000000008001f82c                CollForceMineIn
                0x000000008001f708                collForceNormal
                0x000000008001ed6c                setFBCollisionForce
                0x000000008001f47c                setCenterForce
                0x000000008001e810                init_collision
 .text          0x000000008001fcd0     0x3c80 obj/debug.o
                0x0000000080020f78                DBG_tweak_sus
                0x000000008001fd10                DBG_txt_clr
                0x00000000800212b0                DBG_mbox_numbers
                0x00000000800206b8                DBG_drawFogger
                0x0000000080022f88                SEMSG
                0x0000000080022eb4                EMSG
                0x00000000800231d4                ClearLine
                0x000000008002198c                DBG_hide_timebar
                0x00000000800213dc                DBG_mbox_times
                0x0000000080023184                ClearText
                0x000000008001fcd0                DBG_init_debug
                0x000000008001fe18                DBG_initFogger
                0x0000000080021134                DBG_print_fps
                0x00000000800234d4                flyaround_cleanup
                0x000000008001fd70                DBG_printf
                0x000000008002188c                DBG_init_timebar_blits
                0x0000000080021e20                DBG_LimitFtime
                0x0000000080023204                NodeName
                0x00000000800232c8                GameState
                0x0000000080021e5c                DBG_disp_timebar
                0x000000008002123c                DBG_disp_perf
                0x000000008001ffa4                DBG_print_AG_debug
                0x0000000080021218                DBG_init_perf
                0x0000000080021a4c                DBG_set_bar_color
                0x000000008001feb8                DBG_AddMgUv
                0x0000000080021a8c                DBG_update_frame_blits
                0x0000000080021cc0                DBG_update_timebar
                0x0000000080020e4c                new_sus
                0x000000008002261c                DBG_print_catchup_info
                0x00000000800235cc                flyaround
                0x00000000800225bc                DBG_AG_magic_switch
                0x00000000800230b4                CMSG
                0x0000000080021864                DBG_perf_frame_init
                0x00000000800223bc                DBG_AG_print_steering
                0x00000000800229d4                print_tire_info
                0x0000000080022ff0                SMSG
                0x0000000080022898                DBG_print_model_info
                0x000000008001fde0                DBG_init_AG_debug
                0x000000008001fcf0                DBG_print_debug
                0x0000000080020244                DBG_doFogger
                0x0000000080020c84                DBG_drawEngTweak
                0x00000000800233a0                flyaround_init
                0x00000000800208e0                DBG_doEngineTweak
                0x0000000080022dc0                MSG
 .text          0x0000000080023950     0x42f0 obj/dis.o
                0x0000000080026c98                MarkAlive
                0x00000000800269f8                PickSimManager
                0x00000000800267f0                ResetGameLink
                0x000000008002726c                NodeStat
                0x000000008002642c                send_countdown
                0x00000000800272fc                ResetJoinIn
                0x0000000080026904                FlagName
                0x00000000800245cc                SetComChannel
                0x00000000800242e8                SendPDU
                0x0000000080025dd4                start_countdown
                0x0000000080025d00                make_node_solo
                0x0000000080026aa0                find_sim_manager
                0x0000000080023d0c                ProcessPDUs
                0x0000000080026334                send_model_countdown
                0x0000000080026d78                RemoveFromGame
                0x0000000080026b04                Heartbeat
                0x0000000080023a48                InitializeDIS
                0x00000000800273b8                handle_mcast_channel
 .text          0x0000000080027c40      0xb90 obj/dnl.o
                0x00000000800285ec                read_file_from_hd
                0x0000000080028074                LoadCars
                0x00000000800286fc                CheckModelType
                0x0000000080028348                loadTrack
                0x0000000080027c40                loadInit
                0x0000000080027ffc                LoadModel
                0x0000000080028558                write_file_to_hd
                0x0000000080027d7c                Load
                0x0000000080028624                get_path
 .text          0x00000000800287d0     0x1be0 obj/drones.o
                0x0000000080028888                DoDrones
                0x0000000080028904                EndDrones
                0x00000000800287d0                InitDrones
                0x000000008002890c                assign_drones
                0x000000008002a2d4                linear_interp
 .text          0x000000008002a3b0      0xbd0 obj/fswheel.o
                0x000000008002a5d0                frictwheel
                0x000000008002a6c4                ModelSteerForce
                0x000000008002a400                wheelpos
                0x000000008002acc4                WheelSection
                0x000000008002aef4                force_wheel_to_center
                0x000000008002a3b0                InitSW
                0x000000008002a620                setswforce
                0x000000008002aa14                OverrideForce
                0x000000008002a424                PotWheelPos
                0x000000008002a5a0                freewheel
                0x000000008002ae08                RawWheelSection
 .text          0x000000008002af80     0x1970 obj/game.o
                0x000000008002bc94                preplay
                0x000000008002b380                game
                0x000000008002bfd4                playgame
                0x000000008002c528                do_car_setup
                0x000000008002c3fc                demo_endgame
                0x000000008002c648                CleanupAfterGame
                0x000000008002af80                game_init
 .text          0x000000008002c8f0      0xf10 obj/gamenet.o
                0x000000008002c9f0                gnNetCallback
                0x000000008002d6f8                gnUpdate
                0x000000008002c8f0                gnInit
                0x000000008002d798                gnGetCountdownTime
 .text          0x000000008002d800      0x100 obj/globals.o
                0x000000008002d8b4                set_gthisnode
                0x000000008002d800                init_glob
 .text          0x000000008002d900     0x3590 obj/hiscore.o
                0x000000008002e314                cvt_time_str
                0x000000008002f610                GetHighScoreName
                0x000000008002e80c                InitGameScores
                0x000000008003075c                AddMsg
                0x000000008003067c                InitMsgs
                0x000000008002d96c                revcpy
                0x00000000800309ec                RemoveMsgs
                0x000000008002f324                HiScoreForce
                0x000000008002ed34                SaveHighScore
                0x000000008002f364                ShowScoreEntry
                0x000000008002d9e0                ShowHiScore
                0x000000008002eb84                LoadHighScores
                0x0000000080030e2c                check_ctrs
                0x000000008002e878                HiScoreRank
                0x000000008002ea4c                ClearHighScores
                0x000000008002ef80                EnterHighScore
 .text          0x0000000080030e90     0x33a0 obj/hud.o
                0x0000000080033bf8                InitDigitList
                0x0000000080033c6c                updateList
                0x0000000080032cf4                ShowCheckpointTime
                0x0000000080032930                CropBlit
                0x0000000080033960                UpdateNumber
                0x0000000080030fb0                RemoveHUD
                0x0000000080032790                EnableRadioHUD
                0x0000000080033924                Hidden
                0x00000000800331e0                ShowFinishFlag
                0x0000000080033f90                cvt_time
                0x0000000080033ce8                updateList2
                0x0000000080030e90                InitHUD
                0x0000000080030f20                ShowHUD
 .text          0x0000000080034230      0x5a0 obj/init.o
                0x0000000080034454                init
                0x0000000080034570                reinit_zoid
                0x0000000080034300                game_loop
                0x0000000080034230                start
 .text          0x00000000800347d0     0x35b0 obj/math.o
                0x0000000080034a30                scos32
                0x0000000080036c2c                GetZoidLongUVS
                0x0000000080037544                ScaleDown
                0x0000000080037400                ScaleUp
                0x0000000080036a14                GetZoidUVS16
                0x0000000080034d90                uyaw
                0x00000000800354f8                lsqrt
                0x0000000080036294                uroll32
                0x0000000080036ce8                ConvLongUVS
                0x0000000080036b18                UndoZoidUVS
                0x0000000080035d84                ScaleVector32
                0x0000000080034f38                uroll
                0x0000000080037d1c                matcopyD2M
                0x0000000080036498                Get32Euler
                0x0000000080036564                Get32UVS
                0x00000000800367c4                GetUnivZoidUVS
                0x0000000080034cd8                posdir
                0x0000000080035678                GetEuler32
                0x0000000080037b3c                uftransvec
                0x0000000080034e64                upitch
                0x0000000080037aa8                ftransvec
                0x0000000080036034                DotUV32
                0x0000000080035c9c                SubVector32
                0x0000000080036624                GetZoid32UVS
                0x0000000080035290                pitch32
                0x0000000080034898                sincos
                0x0000000080035cd0                AddVector16
                0x0000000080036eac                adjust_z
                0x0000000080036e40                adjust_y
                0x0000000080037204                DistPtOnLine
                0x00000000800368e0                GetZoidUVS
                0x0000000080036d74                ConvU16UVS
                0x00000000800366ec                GetUVS
                0x00000000800347d0                ssin
                0x00000000800348f0                satan
                0x0000000080037bd0                FastDst
                0x0000000080036f3c                CvtAng16
                0x000000008003611c                uyaw32
                0x0000000080036474                satan32
                0x0000000080037cc0                matcopyM2D
                0x0000000080035bbc                CrossProduct32
                0x00000000800363dc                posdir32
                0x0000000080035d38                ScaleVector16
                0x0000000080035738                GetZoidEuler
                0x00000000800376c8                MakeUVS
                0x0000000080035a58                CrossProduct14
                0x0000000080035434                roll32
                0x0000000080035dd0                Concat32
                0x0000000080035d04                AddVector32
                0x0000000080037ca0                veccopyD2M
                0x0000000080037850                Transvec
                0x00000000800361d8                upitch32
                0x000000008003590c                DotProduct14
                0x0000000080036dd4                adjust_x
                0x0000000080037c40                veccopyM2D
                0x0000000080037950                UTransvec
                0x00000000800350ec                yaw32
                0x0000000080036f48                LookInDirection
                0x0000000080034bd0                sasin
                0x000000008003500c                yaw
                0x0000000080035c68                SubVector16
                0x000000008003555c                GetEuler
                0x00000000800351b0                pitch
                0x0000000080035354                roll
                0x00000000800359e0                DotProduct32
                0x0000000080036f18                AddAngles
                0x0000000080036d14                Conv16UVS
                0x0000000080034998                ssin32
                0x0000000080034ac8                possin32
                0x0000000080036f30                CvtAng32
                0x000000008003598c                DotProduct16
                0x0000000080037c00                vecM2D
                0x0000000080037c60                vecD2M
                0x0000000080037a50                swaparray
                0x0000000080034a54                possin
                0x000000008003762c                GetEulerAngles
                0x00000000800360ac                GetQuadrant
                0x0000000080035b10                CrossProduct16
                0x0000000080034870                scos
 .text          0x0000000080037d80      0x2c0 obj/mathsubs.o
                0x0000000080037f34                COPYUV
                0x0000000080037ffc                MOVMEM
                0x0000000080037d80                MUL
                0x0000000080037ec4                INTRP32
                0x0000000080037fe4                intswap
                0x0000000080037dfc                MUL32
                0x0000000080037e88                DIV32
                0x0000000080037f0c                L_DIV_S
                0x0000000080037f8c                COPYUV32
                0x0000000080037e44                MULUV32
                0x0000000080037dac                MULSUM
 .text          0x0000000080038040     0x8410 obj/maxpath.o
                0x00000000800403d0                set_dist_weight
                0x00000000800403a8                select_drone6
                0x000000008003ebfc                copy_from_set2
                0x00000000800387e8                check_mpath_save
                0x000000008003e990                activate_mpath_set
                0x000000008003ca00                edit_maxpath_points
                0x000000008003a668                MP_TargetSteerPos
                0x00000000800403bc                select_drone7
                0x000000008003c92c                update_maxpath_data
                0x0000000080040434                set_hint_weight
                0x000000008003eae4                select_mpath_set6
                0x000000008003eb24                select_mpath_set
                0x000000008003e8b0                activate_mpath_set1
                0x000000008003edc4                stay_within_width1
                0x0000000080040358                select_drone2
                0x000000008003a8b4                AdjustSpeed
                0x0000000080038a64                MaxPath
                0x0000000080038c3c                PrintMaxPath
                0x0000000080038040                InitMaxPath
                0x000000008003d4d8                copy_mpath_section
                0x000000008003de58                set_direction_vector
                0x000000008004036c                select_drone3
                0x000000008003e7fc                edit_hint_data
                0x000000008003ec1c                copy_from_set3
                0x000000008003c93c                update_drone_time
                0x000000008003e070                check_link_ok
                0x000000008003ee04                get_on_maxpath1
                0x000000008003d0e8                set_post
                0x000000008003c9cc                write_drone_path_to_hd
                0x000000008003f05c                save_new_hint
                0x000000008003ecbc                copy_from_path
                0x0000000080040380                select_drone4
                0x000000008003f404                mp_fly_around
                0x000000008003ce8c                prev_maxpath_point
                0x000000008003eb04                select_mpath_set7
                0x0000000080040220                save_weight_table
                0x000000008003e970                activate_mpath_set7
                0x000000008003ec7c                copy_from_set6
                0x000000008003da70                straighten_maxpath
                0x0000000080040344                select_drone1
                0x000000008003e950                activate_mpath_set6
                0x000000008003ebbc                copy_from_base
                0x000000008003f030                reset_parallel2
                0x000000008003ef80                get_on_maxpath2
                0x000000008003fecc                edit_weight_table
                0x000000008003a41c                adjust_maxpath_due_to_lap
                0x000000008003e8f0                activate_mpath_set3
                0x000000008003b910                display_maxpath_points
                0x000000008003abc0                avoid_areas
                0x0000000080039004                next_maxpath
                0x0000000080038f70                NextMaxPath
                0x000000008003ee8c                stay_on_maxpath1
                0x0000000080039c60                find_maxpath_intervals
                0x000000008003dc54                delete_mpath_section
                0x00000000800403f8                set_speed_weight
                0x000000008003bb70                back_maxpath_points
                0x000000008003a320                update_mpath_index
                0x000000008003eaa4                select_mpath_set4
                0x000000008003d3d4                cancel_move_curve
                0x000000008003cf48                dec_path_priority
                0x000000008003a4a4                MP_TargetSpeed
                0x000000008003bbfc                link_maxpath_and_pathpoints
                0x0000000080040394                select_drone5
                0x000000008003d6bc                insert_mpath_section
                0x000000008003e910                activate_mpath_set4
                0x0000000080038f34                MaxPathZeroControls
                0x000000008003e8d0                activate_mpath_set2
                0x000000008003ea64                select_mpath_set2
                0x000000008003ec9c                copy_from_set7
                0x000000008003dff0                set_marker_a
                0x000000008003eed0                stay_parallel_to_maxpath1
                0x000000008003ebdc                copy_from_set1
                0x000000008003c984                write_cur_path_to_hd
                0x000000008003f124                update_mpath_edit
                0x000000008003f004                stay_parallel_to_maxpath2
                0x000000008003d184                curve_maxpath_point
                0x0000000080039ab8                mp_interval_pos
                0x000000008003ea0c                select_mpath_base
                0x000000008003bb00                fwd_maxpath_points
                0x000000008003c914                init_hint_table
                0x000000008003fe40                get_cur_hint
                0x000000008003ef14                reset_parallel1
                0x000000008003ea84                select_mpath_set3
                0x000000008003ea44                select_mpath_set1
                0x000000008003e930                activate_mpath_set5
                0x000000008003cfa8                update_posts
                0x0000000080039050                MP_FindInterval
                0x000000008003efac                ease_on_maxpath2
                0x0000000080038bbc                SaveMaxPathData
                0x000000008003c80c                set_maxpath_index
                0x000000008003c6d4                check_inside_out
                0x0000000080040334                select_drone0
                0x00000000800386f0                sync_maxpath_to_last_checkpoint
                0x000000008003efd8                stay_on_maxpath2
                0x0000000080038558                place_cars_in_order
                0x000000008003c734                find_maxpath_dist
                0x000000008003ef58                stay_within_width2
                0x0000000080038a94                RecordMaxPath
                0x000000008003ce10                next_maxpath_point
                0x0000000080038fa0                prev_maxpath
                0x000000008003e784                set_loop_data
                0x000000008003e304                create_maxpath_links
                0x000000008003cee4                inc_path_priority
                0x000000008003ee48                ease_on_maxpath1
                0x0000000080040420                set_priority_weight
                0x000000008003ec3c                copy_from_set4
                0x0000000080040250                read_weight_table
                0x000000008003e030                set_marker_b
                0x00000000800403e4                set_dir_weight
                0x000000008003aae0                AdjustSteer
                0x000000008003d2ac                move_maxpath_point
                0x0000000080039100                MP_IntervalPos
                0x000000008003840c                assign_default_paths
                0x000000008003eac4                select_mpath_set5
                0x0000000080038d74                MaxPathControls
                0x0000000080038f48                PrevMaxPath
                0x000000008003ec5c                copy_from_set5
                0x000000008003e81c                deactivate_mpath_set
                0x000000008004040c                set_own_weight
 .text          0x0000000080040450     0x2c60 obj/mdrive.o
                0x00000000800414a4                InitUvObj
                0x0000000080042280                PutModelInfo
                0x0000000080042f78                End_MDrive
                0x0000000080042340                modtodispuv
                0x0000000080041e08                update_link_cars
                0x0000000080041450                Update_MDrive
                0x0000000080040450                munge_gLink_data
                0x00000000800423f8                update_game_data
                0x0000000080042fd0                are_all_cars_stopped
                0x00000000800415c8                communication
                0x000000008004239c                fmodtodispuv
                0x0000000080040e34                fake_init
                0x00000000800422dc                multigo
                0x0000000080041978                update_player_model
                0x00000000800415a8                multicomm
                0x0000000080042e88                printslip
                0x0000000080041a3c                update_drone_models
                0x0000000080041048                get_demo_path_point
                0x0000000080042d40                dbodtorw
                0x00000000800407fc                init_cars
                0x0000000080041770                init_model_task
                0x00000000800422cc                modelstop
                0x00000000800417a8                model_iteration
                0x0000000080041ba8                update_model
                0x00000000800412c4                Init_MDrive
 .text          0x00000000800430b0      0x860 obj/menus.o
                0x00000000800430b0                check_menu
                0x0000000080043890                clear_menu
                0x0000000080043818                clear_display
                0x00000000800435e0                display_menu
 .text          0x0000000080043910      0x3a0 obj/model.o
                0x0000000080043c14                no_catchup
                0x0000000080043910                set_catchup
 .text          0x0000000080043cb0      0x460 obj/money.o
                0x0000000080043cf8                get_credits
                0x0000000080043e38                chk_start
                0x0000000080043cb0                init_credits
                0x0000000080043fc4                EnoughCredit
 .text          0x0000000080044110     0x1970 obj/moobs.o
                0x0000000080044e8c                okay_to_check_skid
                0x0000000080045428                check_sound_time
                0x0000000080044120                init_moobs
                0x0000000080044fa0                do_misc_sounds
                0x0000000080044110                InitMoobs
                0x00000000800459e0                init_drone_handles
                0x0000000080044e9c                add_moob_to_list
                0x00000000800459c4                get_next_handle
                0x0000000080044198                UpdateListener
 .text          0x0000000080045a80     0x1460 obj/pdu.o
                0x0000000080046770                PutEventReportPDU
                0x0000000080045a80                PutAcknowledgePDU
                0x00000000800466a8                PutEntityAppearancePDU
                0x0000000080045b4c                PutEntityStatePDU
                0x0000000080046a50                ParseEventReportPDU
                0x0000000080045b14                ParseAcknowledgePDU
                0x0000000080046eb4                GetTimeStamp
                0x0000000080045f74                ParseEntityStatePDU
                0x0000000080046734                ParseEntityAppearancePDU
                0x0000000080046d04                ReportPDUError
 .text          0x0000000080046ee0      0xcb0 obj/pots.o
                0x0000000080047b48                get_edges
                0x0000000080046f10                PotsRead
                0x0000000080047904                ReadGear
                0x00000000800477d0                ReadClutch
                0x0000000080047b08                get_levels
                0x0000000080047a58                get_switches
                0x00000000800479c0                ReadGasAndBrake
                0x0000000080047b28                get_dlevels
                0x00000000800475e4                initPots
                0x0000000080047710                sanity_check_pots
                0x0000000080047b68                get_dedges
                0x0000000080046ee0                PotsInit
                0x0000000080047864                ReadShifter
 .text          0x0000000080047b90     0x32f0 obj/resurrect.o
                0x0000000080049110                make_quat_from_uvs
                0x0000000080049f1c                update_resurrecting_car
                0x000000008004958c                get_major_axis
                0x00000000800495fc                dot_prod
                0x000000008004ad68                are_we_dead_or_dying
                0x00000000800496c8                non_linear_scale_setup
                0x000000008004a678                abort_car
                0x000000008004962c                interpolate
                0x000000008004a3f8                blink_resurrecting_cars
                0x000000008004977c                set_resurrection_data
                0x0000000080049b04                CheckCrash
                0x000000008004ade4                are_we_solid
                0x000000008004a864                detect_drone_abort
                0x00000000800492c4                find_best_quat
                0x0000000080049d54                check_if_finished_resurrecting
                0x00000000800493f0                get_normal_vector
                0x0000000080048ffc                make_uvs_from_quat
                0x000000008004a728                jump_to_next_checkpoint
                0x0000000080047b90                resurrect_car
 .text          0x000000008004ae80     0x5fa0 obj/select.o
                0x000000008004f69c                updateBoolean
                0x000000008004b13c                InitTrkSel
                0x000000008004f91c                CarSel
                0x000000008004f85c                CarSelForce
                0x0000000080050d68                BlinkUnlessPressed
                0x000000008004ae80                InitSelect
                0x00000000800504f4                race_negotiation
                0x0000000080050d58                SetGasReleased
                0x000000008004b5a8                TrackSel
                0x0000000080050be4                GetPlayTime
                0x0000000080050cd0                GasPressed
                0x000000008004d190                wait
                0x0000000080050c58                GetElapsedTime
                0x000000008004c848                create_cars
                0x000000008004b188                ShowTrackSelect
                0x000000008004cd18                waiting_for_others
                0x0000000080050bf4                SetCountdownTimerAt0
                0x000000008004ed0c                AnimateText
                0x0000000080050cb0                TimeOut
                0x0000000080050c88                SetCountdownTimer
                0x000000008004b33c                TrackSelForce
                0x000000008004c1a4                track_negotiation
                0x000000008004ee10                AnimateWheel
                0x0000000080050c48                GetStartTime
                0x0000000080050bc0                GetCountdownTime
                0x000000008004f6dc                ShowCarSelect
                0x0000000080050a80                CountDown
                0x000000008004c76c                init_car_select
                0x000000008004ef20                AnimatePedal
                0x0000000080050c70                ResetCountdownTimer
                0x000000008004f4e4                updateCar
 .text          0x0000000080050e20     0x1290 obj/sounds.o
                0x00000000800518a8                sndKillAllMoobs
                0x000000008005157c                sndChangeVelocity
                0x00000000800510dc                sndUpdate
                0x00000000800519e4                sndGravelNoise
                0x0000000080051290                sndStartStaticPitched
                0x000000008005156c                sndChangePosition
                0x0000000080051df4                sound_wparms
                0x0000000080051630                sndStartEngineWithVolume
                0x00000000800510fc                sndListenerUpdate
                0x0000000080051798                sndUpdateManualEngine
                0x0000000080051bd4                sndUpdateMoobEngine
                0x00000000800516fc                sndStartManualEngine
                0x0000000080051b64                doSndTest
                0x000000008005158c                sndChangePitch
                0x0000000080051964                sndRoadNoise
                0x0000000080051fdc                wait_for_sounds
                0x0000000080051e74                music
                0x00000000800516c8                sndUpdateAutoEngine
                0x0000000080051348                sndStartDopplerUnpitched
                0x0000000080051f80                init_car_sound_handles
                0x000000008005167c                sndChangeEngineWithVolume
                0x0000000080051854                sndStopEngine
                0x00000000800515ac                sndStartEngine
                0x00000000800518c8                sndDoSkid
                0x0000000080051820                sndEngineCrash
                0x000000008005202c                test_sounds
                0x000000008005159c                sndChangeFilter
                0x0000000080051ae4                sndSplashNoise
                0x0000000080051874                sndKillMoob
                0x0000000080051d40                SOUND
                0x00000000800515ec                sndChangeEngine_PF
                0x000000008005142c                sndStartDopplerPitched
                0x0000000080051a64                sndWindNoise
                0x00000000800511e8                sndStartStaticUnpitched
                0x000000008005153c                sndPositionSound
 .text          0x00000000800520b0     0x33c0 obj/stats.o
                0x00000000800551c8                stat_common_percents
                0x0000000080053590                HOURxDAY_template
                0x0000000080052e84                stat_disp
                0x000000008005210c                game_stats
                0x0000000080055248                stat_get_dayhour
                0x0000000080052538                stat_update
                0x0000000080054fc8                SELECT_numbers_template
                0x000000008005241c                stat_gameover
                0x00000000800552e0                stat_save_daytime
                0x00000000800527c8                reset_gamestats
                0x0000000080052f0c                TIMExTRK_hist
                0x00000000800551d8                stat_track_numbers
                0x0000000080052cb4                game_stat_seq
                0x0000000080053c4c                TOO_MUCH_nums
                0x00000000800548f0                TOO_MUCH_template
                0x00000000800551d0                stat_common_pct_template
                0x000000008005238c                stat_preplay
                0x000000008005316c                TIMExTRK_template
                0x0000000080052290                stat_carsel
                0x0000000080052e60                stat_erase
                0x0000000080054a0c                SELECT_numbers
                0x0000000080053a1c                TIMExCAR_template
                0x00000000800521a4                stat_attract
                0x00000000800546e4                stat_num_line
                0x0000000080052e00                ShowGameStats
                0x0000000080055418                MIC_chat
                0x00000000800520b0                init_game_stats
                0x0000000080052220                stat_trksel
                0x00000000800529ac                save_gamestats
                0x0000000080054d78                SELECT_numbers_line
                0x00000000800547e8                stat_avg_line
                0x00000000800523ec                stat_playgame
                0x000000008005339c                HOURxDAY_hist
                0x00000000800537c4                TIMExCAR_hist
                0x0000000080052a48                ChkGameStats
                0x0000000080052a14                load_gamestats
 .text          0x0000000080055470     0x32e0 obj/targets.o
                0x0000000080055b90                TargetCheck
                0x0000000080056864                ChangeFinishLine
                0x0000000080057d18                FogTrackNormal
                0x0000000080057bb4                FogTint
                0x0000000080058124                FogTrackTint
                0x0000000080055658                SetTargets
                0x0000000080055ac4                car_inside_target
                0x0000000080057c94                FogTrack
                0x00000000800582cc                MakeFogRamp
                0x0000000080057a08                SetFog
                0x0000000080057e6c                FogTrackTarget
                0x0000000080057a58                UpdateFog
                0x0000000080055470                SetupTargets
                0x0000000080057b44                FogOff
                0x0000000080055fb8                TargetAppearance
 .text          0x0000000080058750      0x400 obj/timint.o
                0x000000008005884c                TimInt
                0x0000000080058750                Init_TimInt
                0x0000000080058aa8                sync_net_time
                0x0000000080058ad8                update_net_time
                0x0000000080058a28                GetNetTime
                0x00000000800587d4                reset_IRQTIME
 .text          0x0000000080058b50     0x21e0 obj/tourney.o
                0x000000008005a254                TourneyNode
                0x000000008005a22c                TourneyOn
                0x000000008005a3f4                ParseTourneyFlags
                0x000000008005a270                ResetTourneyStatus
                0x0000000080058f30                ShowTourneySetup
                0x0000000080058b50                InitTourney
                0x0000000080058c40                LoadTourneySettings
                0x000000008005a2b4                CheckTourneyBox
                0x0000000080059bd0                HandleTourneySetup
 .text          0x000000008005ad30     0x5680 obj/visuals.o
                0x0000000080060148                PointInDir
                0x000000008005b588                SetupCar
                0x000000008005ccc8                StartFrame
                0x000000008005c258                RemoveEnvirons
                0x000000008005af4c                InitVisuals
                0x000000008005c2a8                UpdateVisuals
                0x000000008005c094                AddToEnvList
                0x000000008005fec8                InitChildObj
                0x000000008005d08c                ShowHood
                0x000000008005bddc                RemoveCar
                0x000000008005d134                StartBlast
                0x000000008005b074                SetCarReflection
                0x000000008005e4f4                InitSkids
                0x000000008005c16c                ReleaseEnviron
                0x000000008005ad30                InitDynamicObjs
                0x000000008005d2e0                Transpose3x3
                0x000000008005b2bc                CreateCar
                0x000000008005bc34                StartCar
                0x000000008005f650                StartSparks
                0x000000008005c014                GrabEnvEntry
                0x000000008005c0dc                UpdateEnvirons
                0x000000008005be58                StartEnvironment
                0x000000008005bcf8                PickCar
 .text          0x00000000800603b0      0x160 obj/communic.o
                0x00000000800603b0                mcommunication
                0x0000000080060434                mmodtodispuv
                0x0000000080060490                disptomoduv
 .text          0x0000000080060510      0x3e0 obj/controls.o
                0x0000000080060510                controls
                0x00000000800608cc                initcontrols
 .text          0x00000000800608f0      0x3b0 obj/d3math.o
                0x00000000800609ec                hypotsincos
                0x000000008006092c                invsqr
                0x0000000080060a44                shypotsincos
                0x00000000800608f0                xxsqrt
                0x0000000080060b58                mscos
                0x0000000080060af4                mssin
                0x0000000080060bbc                sincosptp
 .text          0x0000000080060ca0      0xe30 obj/drivetra.o
                0x000000008006112c                autoshift
                0x000000008006136c                engine
                0x0000000080061218                transmission
                0x00000000800612c8                upshift
                0x0000000080061650                enginetorque
                0x0000000080061a70                interp
                0x0000000080060ca0                drivetrain
                0x000000008006131c                downshift
                0x0000000080061240                find_best_gear
                0x0000000080060e18                whatslips
 .text          0x0000000080061ad0     0x1660 obj/drivsym.o
                0x00000000800620f8                forces
                0x0000000080062128                forces1
                0x0000000080062ae8                calcaa
                0x0000000080061f0c                antispin
                0x0000000080061ad0                syminit
                0x0000000080061eb4                regular
                0x0000000080062b1c                checkok
                0x000000008006283c                accelerations
                0x00000000800630fc                epveccopy
                0x0000000080063010                epacc
                0x0000000080062710                torques
                0x000000008006294c                positions
                0x000000008006306c                epvecacc
                0x000000008006287c                velocities
                0x0000000080061b10                sym
                0x0000000080062604                forces2
 .text          0x0000000080063130      0x9b0 obj/initiali.o
                0x00000000800638d8                steer_constants
                0x0000000080063130                modelinit
                0x0000000080063354                carsetup
                0x0000000080063944                copy_tire_info
                0x00000000800639c0                tire_constants
                0x0000000080063150                initialize
 .text          0x0000000080063ae0      0x8a0 obj/reckon.o
                0x0000000080063d6c                dead_reckon_posuv
                0x0000000080063f18                reckon_check
                0x0000000080063ae0                dead_reckon_all
                0x0000000080063b90                game_reckon_all
                0x00000000800640a8                update_reckon_base
                0x0000000080063ed8                zero_reckon_pcts
 .text          0x0000000080064380      0x5f0 obj/road.o
                0x0000000080064380                init_road
                0x00000000800648dc                vecinterp
                0x000000008006483c                uvinterp
                0x00000000800644f4                road
 .text          0x0000000080064970     0x1ed0 obj/stree.o
                0x0000000080066724                updownleaf
                0x0000000080064a44                tiresurf
                0x0000000080065308                COLL_test4
                0x000000008006638c                frwtobod
                0x0000000080066500                fvecinterp
                0x00000000800656c8                fSurfDist
                0x0000000080065280                COLL_force
                0x000000008006644c                surfpos
                0x0000000080065dc0                fPathInterp
                0x00000000800657a4                mInSurf
                0x00000000800663ec                fbodtorw
                0x00000000800667c0                downleaf
                0x00000000800655cc                COLL_test2
                0x0000000080066560                AlignSurf
                0x0000000080064970                init_stree
                0x0000000080064dd0                bodysurf
                0x0000000080066254                getSlopes
                0x0000000080065450                COLL_test0
                0x00000000800664a0                fuvinterp
                0x00000000800653ac                COLL_test3
                0x0000000080065a14                xfPathInterp
                0x0000000080065540                COLL_test1
 .text          0x0000000080066840      0xd10 obj/tires.o
                0x00000000800673d8                make_tire_road_uvs
                0x0000000080066840                calctireuv
                0x000000008006731c                calcalpha
                0x00000000800669c0                dotireforce
                0x0000000080066c34                frictioncircle
 .text          0x0000000080067550     0x1200 obj/unitvecs.o
                0x0000000080068004                rot
                0x0000000080068694                fupitch
                0x0000000080067550                bodtorw
                0x0000000080067f6c                matfix
                0x000000008006861c                froll
                0x0000000080068704                transpose
                0x00000000800686e0                fuyaw
                0x0000000080067c68                mkuv
                0x0000000080067824                srwtobod
                0x0000000080067d4c                makefpuvs
                0x0000000080067edc                matmul
                0x0000000080068120                urot
                0x0000000080067b24                urotuv
                0x0000000080068554                furot
                0x0000000080067760                sbodtorw
                0x00000000800675b4                rwtobod
                0x0000000080068304                mpitch
                0x00000000800676bc                irwtobod
                0x0000000080067e58                fmatcopy
                0x00000000800678e8                rotateuv
                0x00000000800679e0                rotuv
                0x0000000080068644                furoll
                0x00000000800686bc                fyaw
                0x0000000080067dd4                matcopy
                0x000000008006848c                frot
                0x00000000800683cc                myaw
                0x000000008006842c                muyaw
                0x00000000800682a0                muroll
                0x000000008006823c                mroll
                0x000000008006866c                fpitch
                0x0000000080067d90                makesuvs
                0x0000000080068368                mupitch
                0x0000000080067618                ibodtorw
 .text          0x0000000080068750      0x600 obj/vecmath.o
                0x00000000800688f8                vecsub
                0x0000000080068b60                sdirection
                0x00000000800688b8                vecadd
                0x0000000080068978                ivecsub
                0x0000000080068750                magnitude
                0x00000000800687c8                direction
                0x0000000080068a6c                veccopy
                0x00000000800689b8                crossprod
                0x0000000080068af4                invsmagnitude
                0x000000008006878c                invmagnitude
                0x0000000080068a3c                dotprod
                0x0000000080068c20                scrossprod
                0x0000000080068a94                smagnitude
                0x0000000080068820                scalmul
                0x0000000080068860                scaldiv
                0x0000000080068938                ivecadd
 .text          0x0000000080068d50      0x200 obj/world.o
                0x0000000080068ee8                LoadWorld
 .text          0x0000000080068f50     0x65a0 obj/anim.o
                0x000000008006e658                SetAnimObjParent
                0x000000008006f0c0                GetAnimObjIdxErr
                0x000000008006f33c                AnimTreeObjIgnorePre
                0x000000008006eb88                ResetAnimTree
                0x000000008006e7b8                RemoveAnimObjParent
                0x000000008006ebe4                ZmodAnimTree
                0x000000008006ee1c                BuildAnimTree
                0x000000008006edec                InsertAnimObj
                0x000000008006f1c8                GetAnimObjIdx
                0x000000008006e768                ReParentAnimObj
                0x000000008006f25c                GetPartIdx
                0x000000008006d940                AnimateObj
                0x000000008006f404                InitAnimInfo
                0x000000008006da60                AnimateTreeFrameInterp2
                0x000000008006f3e4                AnimTreeObj
                0x000000008006d77c                AnimSeqType
                0x000000008006e3e0                AnimateTree
                0x000000008006f1e8                GetAnimObjName
                0x000000008006daf8                AnimateTreeFrame
                0x000000008006f024                SetupAnimHeader
                0x000000008006e860                RemoveAnimObj
                0x000000008006e938                RemoveAnimTree
                0x000000008006e3b0                FreezeAnim
                0x000000008006e5e0                InitAnimObjs
                0x000000008006ec4c                NewAnimObj
                0x000000008006e990                AddAnimObj
                0x000000008006e0ec                AnimFixPos
                0x000000008006e3c8                UnFreezeAnim
                0x000000008006eb00                ResetAnimObj
                0x000000008006e26c                InitAnim
                0x000000008006e9e8                AddAnimTree
                0x000000008006d9dc                AnimateTreeFrameInterp
 .text          0x000000008006f4f0      0x4d0 obj/balloon.o
                0x000000008006f7b8                BalloonInit
                0x000000008006f974                BalloonMove
                0x000000008006f4f0                BalloonCollide
 .text          0x000000008006f9c0      0xf10 obj/blit.o
                0x0000000080070794                ReduceBlit
                0x000000008006fdf0                RenameBlit
                0x0000000080070168                GrowMessage
                0x0000000080070084                InitGrowMessage
                0x000000008006fb2c                DrawBlits
                0x00000000800706a8                MultiBlitMove
                0x000000008007071c                MultiBlitHide
                0x000000008006fe68                SelectBlit
                0x000000008006fc24                UpdateBlit
                0x00000000800704d4                NewMultiBlit
                0x0000000080070858                YScaleBlit
                0x000000008007049c                RemoveGrowMessage
                0x000000008007087c                YScaleBlits
                0x000000008007042c                IncGrowMessage
                0x000000008006fa2c                RemoveBlit
                0x0000000080070770                AttatchBlit
                0x000000008006fda4                NewBlitUnscaled
                0x000000008006fbc0                InitBlit
                0x000000008006f9c0                InitBlits
                0x000000008006fcbc                NewBlit
 .text          0x00000000800708d0      0xef0 obj/error.o
                0x0000000080070c64                FatalError
                0x0000000080070de4                FatalMsg
                0x000000008007166c                esectprint
                0x0000000080070c30                IncErrorColor
                0x00000000800708d0                __matherror
                0x0000000080070e60                InitError
                0x0000000080070d88                WarnMsg
                0x0000000080070ce0                Errorf
                0x0000000080070964                Error
                0x0000000080071170                InitErrorSectors
                0x0000000080070d34                FatalErrorf
 .text          0x00000000800717c0     0x24d0 obj/fmath.o
                0x0000000080071f20                RollUV
                0x0000000080071814                TransposeUV
                0x0000000080073a68                fqdist
                0x0000000080072b80                GetPitchYaw
                0x00000000800737ac                ExtractRYP
                0x00000000800722dc                BodyVector
                0x00000000800736e4                MulQuat
                0x0000000080072b18                GetYawPitch
                0x00000000800735b4                InterpQuats
                0x0000000080072494                WorldY
                0x0000000080072cfc                AddAngle
                0x0000000080071984                FixColumnUV
                0x0000000080072da0                FixAngle
                0x0000000080072e40                SubAngleP
                0x00000000800731d0                CreateRYPMatrix
                0x0000000080071894                ScaleUV
                0x0000000080073920                Randomize
                0x0000000080072010                MulMat
                0x0000000080071c48                WRollUV
                0x0000000080072ec8                AddAngleP
                0x0000000080072124                MulUVS
                0x0000000080072290                VectorIntegrity
                0x00000000800729f8                ProjectVector
                0x0000000080072be8                SubAngle
                0x00000000800724c4                WorldZ
                0x0000000080071a58                WYawUV
                0x0000000080072aac                Det3Vectors
                0x0000000080073508                NormalizeQuat
                0x0000000080071848                TransposeCopyUV
                0x0000000080071d40                YawUV
                0x0000000080073940                Random
                0x00000000800723e8                WorldVector
                0x00000000800717c0                CopyUV
                0x00000000800733c4                CreateQuatMat
                0x0000000080072630                SlowNormalVector
                0x0000000080072358                BodyX
                0x00000000800718f4                FixRowUV
                0x0000000080072964                NormalVector2D
                0x00000000800723b8                BodyZ
                0x00000000800721e0                NumberIntegrity
                0x0000000080071e30                PitchUV
                0x0000000080072fd4                CreatePYRMatrix
                0x0000000080072388                BodyY
                0x00000000800724f4                MulVecMat
                0x0000000080072f50                FixAngleP
                0x0000000080071b50                WPitchUV
                0x0000000080073990                RandInt
                0x00000000800719bc                RotateUV
                0x0000000080072464                WorldX
                0x0000000080072588                NormalVector
 .text          0x0000000080073c90      0xa80 obj/font.o
                0x0000000080074580                NewSFontBlitRightJPrint
                0x00000000800744f8                NewSFontBlitCenterPrintf
                0x0000000080073dac                RenameFontBlit
                0x0000000080073f84                InitSFontInfo
                0x0000000080074264                NewSFontBlitPrint
                0x0000000080074360                NewSFontBlitPrintf
                0x0000000080074024                NewSFontBlit
                0x00000000800743e8                NewSFontBlitCenterPrint
                0x0000000080073d1c                NewFontBlit
                0x0000000080073e44                RenameFontBlitChar
                0x0000000080074680                NewSFontBlitRightJPrintf
 .text          0x0000000080074710      0x1e0 obj/mem.o
                0x0000000080074710                AllocFile
                0x0000000080074774                AllocMem
                0x0000000080074870                LockMem
                0x0000000080074830                BytesFree
                0x00000000800748b8                InitMemHandler2
                0x0000000080074888                InitMemHandler
                0x0000000080074808                GetMemBase
                0x0000000080074848                FreeAllMem
                0x0000000080074858                FreeUnlockedMem
 .text          0x00000000800748f0      0x6a0 obj/timer.o
                0x0000000080074ee8                ResetTimer
                0x0000000080074df0                TimerIRQ1ms
                0x00000000800748f0                AlmostTimerOverflow
                0x0000000080074c18                PunchTimer
                0x00000000800749e0                TimerCalc
                0x0000000080074928                TimerResetNearOverflow
                0x0000000080074f38                InitializeTimerIRQ
                0x0000000080074d24                RestoreTimer
                0x0000000080074cec                SaveTimer
 .text          0x0000000080074f90      0x510 obj/strings.o
                0x0000000080074fc4                vsprintf
                0x00000000800752cc                xyechof
                0x000000008007522c                xyecho
                0x0000000080075294                xyechobigc
                0x00000000800751c0                xyprintfc
                0x000000008007539c                debug
                0x0000000080075118                xyprintc
                0x0000000080075430                gprintf
                0x000000008007509c                DoClearScreen
                0x0000000080074ff0                ClearOverlay
                0x00000000800750d4                InitStrings
                0x0000000080074f90                sprintf
                0x00000000800750e4                xyprint
                0x0000000080075330                xyechofc
                0x000000008007515c                xyprintf
                0x000000008007525c                xyechoc
                0x00000000800753ac                printUVS
 .text          0x00000000800754a0      0xa60 /home/boffo/usr7/rush/game/MB/zmb.a(mb_poly.o)
                0x0000000080075c54                ZOID_ShowPoly
                0x00000000800758f4                DrawPolyInsts
                0x0000000080075e9c                ZOID_InitPolys
                0x00000000800759e0                ZOID_UpdatePoly
                0x0000000080075cdc                ZOID_NewPoly
                0x0000000080075924                SetTexAspect
                0x0000000080075c7c                ZOID_ZmodPoly
                0x0000000080075e84                ZOID_RemovePoly
                0x000000008007579c                DrawPolyInstsType
                0x0000000080075c2c                ZOID_HidePoly
                0x0000000080075cac                ZOID_SetPolyType
                0x0000000080075cc4                ZOID_SetPolyInitZMod
                0x0000000080075c94                ZOID_SetPolyDeltaZMod
                0x0000000080075e24                IsPolyListFull
 .text          0x0000000080075f00      0x440 /home/boffo/usr7/rush/game/MB/zmb.a(mb_lights.o)
                0x0000000080075f5c                SetupLights
                0x0000000080076014                ZOID_LastLight
                0x0000000080076184                ZOID_AddLight
                0x0000000080075f00                ZOID_SetLightDir
                0x0000000080076304                ZOID_DeleteLights
                0x00000000800760c4                ZOID_SetupLight
                0x0000000080075fd4                ZOID_InitLights
 .text          0x0000000080076340      0xa70 /home/boffo/usr7/rush/game/MB/zmb.a(mb_main.o)
                0x0000000080076ae8                ZOID_EndFrame
                0x0000000080076d04                InitFrameGlobals
                0x0000000080076a80                gmtDepthComplexity
                0x0000000080076c7c                frame_stats
                0x0000000080076a1c                gmtSumDC
                0x0000000080076360                MB_DrawList
                0x000000008007668c                ZOID_DrawBlitsFirst
                0x000000008007669c                ZOID_Reset
                0x0000000080076340                grBufferSwap2
                0x0000000080076728                ZOID_PrintStats
                0x0000000080076538                MB_Init
 .text          0x0000000080076db0     0x1d20 /home/boffo/usr7/rush/game/MB/zmb.a(mb_objects.o)
                0x0000000080078a50                ZOID_SetObjectXlu
                0x0000000080077934                ZOID_InsertObject
                0x0000000080077788                ZOID_ObjParent
                0x00000000800788bc                ZOID_ZmodObject
                0x0000000080078434                ZOID_SetSortOffset
                0x0000000080077eb8                ZOID_AddObjectMat
                0x00000000800783ec                ZOID_SetReflect
                0x0000000080077474                do_obj_level
                0x00000000800787f8                ZOID_SetObjectFlags
                0x00000000800789b0                ZOID_ChangeXlu
                0x00000000800789b8                ZOID_SetObjectColor
                0x0000000080076f64                InitFrontFaceYaw
                0x00000000800788f0                ZOID_ZmodObjectAdd
                0x0000000080077d74                ZOID_AddObject
                0x00000000800784d4                ZOID_SetObjectParent
                0x000000008007831c                ZOID_UpdateObject
                0x0000000080076f10                QuickYawUV
                0x0000000080077840                ZOID_ObjPrevObj
                0x00000000800787c0                ZOID_ObjectFlags
                0x0000000080076dd0                InitSortObjects
                0x00000000800784ac                ZOID_GetObjectDef
                0x0000000080076de0                AddSortObject
                0x00000000800783d0                ZOID_UpdateObjectMat
                0x0000000080078470                ZOID_SetObjectDef
                0x00000000800778a8                ZOID_LastSibling
                0x00000000800782bc                ZOID_RemoveObject
                0x000000008007882c                ZOID_SetLocalAmbient
                0x0000000080078968                ZOID_InitObjects
                0x0000000080076e60                DrawSortObjects
                0x0000000080078934                ZOID_ObjectDrawPolyType
                0x0000000080077004                DrawObject
 .text          0x0000000080078ad0      0xb20 /home/boffo/usr7/rush/game/MB/zmb.a(mb_tex.o)
                0x0000000080078b08                longcpy8
                0x0000000080079224                CopyTexture
                0x0000000080079338                DownloadTextures
                0x00000000800791c0                TexSize
                0x0000000080078ad0                longcpy16
                0x0000000080078b44                ResetTextures
                0x0000000080078e00                SetBlendTextures
                0x0000000080078b84                SetTextureClamp
                0x0000000080078bd0                SetTexture
 .text          0x00000000800795f0      0x9c0 /home/boffo/usr7/rush/game/MB/zmb.a(mb_state.o)
                0x00000000800795f0                InitWindows
                0x0000000080079e88                ZOID_ZUnitScale
                0x0000000080079848                SetupObjLights
                0x0000000080079984                ZOID_SetWindowRegion
                0x0000000080079eb0                ZOID_DepthBufferFunc
                0x0000000080079e40                ZOID_SetBGColor
                0x0000000080079d88                ZOID_SetHaze
                0x0000000080079ef0                ZOID_ColorCombineFunc
                0x0000000080079f30                ZOID_TexCombineFunc
                0x0000000080079cf4                ZOID_SetAmbient
                0x0000000080079974                SetupCameraLights
                0x0000000080079a64                ZOID_InitializeWindow
                0x0000000080079e60                ZOID_ZmodAll
                0x0000000080079f70                ZOID_AlphaSource
                0x0000000080079bf0                ZOID_ZoomWindow
 .text          0x0000000080079fb0      0xab0 /home/boffo/usr7/rush/game/MB/zmb.a(mb_blit.o)
                0x000000008007a778                ZOID_SetBlitAltIdxs
                0x000000008007a580                ZOID_CropBlit
                0x000000008007a900                ZOID_RemoveBlit
                0x000000008007a998                ZOID_YScaleBlit
                0x0000000080079fb0                SetATex
                0x000000008007a540                ZOID_UpdateBlit
                0x000000008007a7dc                ZOID_AddBlit
                0x000000008007a9d0                ZOID_ColorBlit
                0x000000008007a438                DrawOverlayBlits
                0x000000008007a708                ZOID_SetBlitData
                0x000000008007a960                ZOID_FlipBlit
                0x000000008007aa0c                ZOID_InitBlits
 .text          0x000000008007aa60      0x310 /home/boffo/usr7/rush/game/MB/zmb.a(mb_struct.o)
                0x000000008007ad14                ZOID_GetRomTex
                0x000000008007ab34                ZOID_ChangeTexture
                0x000000008007aacc                ZOID_SetRomTexture
                0x000000008007aa60                ZOID_GetRomTexture
                0x000000008007ac64                ZOID_CopyTexture
                0x000000008007abfc                ZOID_PolyTexture
                0x000000008007ad60                ZOID_ColorPoly
 .text          0x000000008007ad70     0x1620 /home/boffo/usr7/rush/game/MB/zmb.a(mb_model.o)
                0x000000008007bae4                MBOX_LoadModelFixed
                0x000000008007c120                MBOX_SetMinTexBase
                0x000000008007b7f4                MBOX_ResetModels
                0x000000008007bfa0                MBOX_LoadMovie
                0x000000008007ba88                MBOX_CopyRomTex
                0x000000008007b324                MBOX_FindObject
                0x000000008007bfd4                MBOX_MovieFrame
                0x000000008007b42c                MBOX_GetObjectAnimInfo
                0x000000008007b594                MBOX_FindTexture_Sub
                0x000000008007b4cc                MBOX_GetTextureName
                0x000000008007ae70                MBOX_FindObject_Err
                0x000000008007b0ac                MBOX_FindObject_Sub
                0x000000008007adcc                MBOX_GetObjectRadius
                0x000000008007b794                MBOX_FindTexture_Err
                0x000000008007ba20                MBOX_CloneRomTex
                0x000000008007ad70                MBOX_GetObjectName
                0x000000008007b880                MBOX_ResetUnlockedModels
                0x000000008007bf70                MBOX_LoadModel
                0x000000008007c110                MBOX_GetTexBase
                0x000000008007bdc0                MBOX_LoadModelCheck
                0x000000008007b530                MBOX_GetTextureInfo
                0x000000008007c144                PageLoadTextures
                0x000000008007b7c4                MBOX_FindTexture
                0x000000008007b944                MBOX_LockModels
                0x000000008007b344                MBOX_ReallyFindObject
 .text          0x000000008007c390     0x1180 /home/boffo/usr7/rush/game/MB/zmb.a(mb_util.o)
                0x000000008007c72c                MBOX_ObjectLOD
                0x000000008007d358                MBOX_ScreenDump
                0x000000008007cc6c                MBOX_ObjectAnimation
                0x000000008007cb9c                MBOX_SetZWrite
                0x000000008007c704                MBOX_ObjectVisible
                0x000000008007d060                MBOX_WindowTo3D
                0x000000008007d148                MBOX_SetAmbientLevel
                0x000000008007cc04                MBOX_SetZCompare
                0x000000008007cdc0                MBOX_SetWindow
                0x000000008007c7d4                MBOX_GetMat
                0x000000008007c6b0                MBOX_UpdateObject
                0x000000008007c478                MYguFogGenerateExp
                0x000000008007c7a8                MBOX_GetNext
                0x000000008007d20c                MBOX_DeleteLights
                0x000000008007d258                MBOX_AddInfiniteLight
                0x000000008007d2a8                GetScreen
                0x000000008007c6e0                MBOX_RemoveObject
                0x000000008007cd70                MBOX_UpdateCamera
                0x000000008007ca44                MBOX_ChangeXlu
                0x000000008007ce8c                MBOX_ProjectWindow
                0x000000008007d198                MBOX_SetBGColor
                0x000000008007d288                MBOX_UpdateLight
                0x000000008007cd9c                MBOX_GetWindow
                0x000000008007c914                MBOX_ShowObject
                0x000000008007c654                MBOX_NewObjectMat
                0x000000008007c434                MYguFogTableIndexToW
                0x000000008007d168                MBOX_SetAmbientColor
                0x000000008007c5f0                MBOX_NewObject
                0x000000008007c750                MBOX_GetMBIndex
                0x000000008007c3ec                safe_expf
                0x000000008007c800                MBOX_HideObject
                0x000000008007d22c                MBOX_AddPointLight
                0x000000008007d490                MBOX_MovieDump
                0x000000008007c398                GetObjVerts
                0x000000008007c77c                MBOX_GetChild
 .text          0x000000008007d510      0x4c0 /home/boffo/usr7/rush/game/MB/zmb.a(mb_camera.o)
                0x000000008007d510                MB_UpdateCamera
                0x000000008007d8f4                ZOID_UpdateCamera
 .text          0x000000008007d9d0      0x5e0 /home/boffo/usr7/rush/game/MB/zmb.a(mb_math.o)
                0x000000008007ddb4                setunit4x3
                0x000000008007d9d0                init_sqrtinvtab
                0x000000008007de1c                concat4x3
                0x000000008007dc1c                inv_sqrtf
                0x000000008007dd74                inv_dist3
 .text          0x000000008007dfb0     0x1c50 /home/boffo/usr7/rush/game/MB/zmb.a(mb_simpleclip.o)
                0x000000008007fa68                objectClipped
                0x000000008007e248                doBlendClipTri
                0x000000008007f898                BlendClipEdge
                0x000000008007e4e0                SimpleClipTri
                0x000000008007f718                SimpleClipEdge
                0x000000008007edfc                BlendClipTri
                0x000000008007dfb0                doSimpleClipTri
 .text          0x000000008007fc00     0x1f60 /home/boffo/usr7/rush/game/MB/zmb.a(mb_simple.o)
                0x0000000080080944                DoReflect
                0x0000000080080d84                DoCarWindow
                0x000000008008128c                DoCarBody
                0x000000008007fc78                do_polys
                0x000000008007fe44                do_reflect_polys
                0x0000000080081808                DrawTriBlend
                0x0000000080080a50                CloudReflect
                0x000000008007fc00                CheckFIFO
                0x000000008008000c                do_reflect_blend_polys
                0x0000000080080588                DoXfrmVertsNormals
                0x0000000080080a74                DoXfrmVertsReflect
                0x00000000800802d0                DoXfrmVerts
 .text          0x0000000080081b60      0xf60 /home/boffo/usr7/rush/game/OS/libos.a(phx_shims.o)
                0x0000000080081e18                exit_to_game
                0x0000000080081c64                __main
                0x0000000080081e60                prc_timer_ints
                0x00000000800821b8                prc_get_astlvl
                0x0000000080082aac                getenv
                0x00000000800823b4                prc_get_actlvl
                0x0000000080082a2c                pktInit
                0x0000000080081e48                prc_timer_ptr
                0x0000000080081f74                cputimerint
                0x0000000080081e6c                prc_timer_jobs
                0x00000000800820c8                process_action_q
                0x0000000080082088                prc_q_action
                0x0000000080081e40                prc_cache_init
                0x0000000080082058                prc_swint0
                0x0000000080081bd0                prc_timer_rate
                0x00000000800829f4                pktQueSend
                0x00000000800829bc                pktQueRecv
                0x0000000080081d88                prc_reboot
                0x0000000080081c6c                BootUp
                0x0000000080082450                interrupt_handler
                0x0000000080081fac                prc_add_q
                0x0000000080082398                prc_get_exception_time
                0x0000000080082718                get_pm_msg
                0x00000000800821c4                prc_q_ast
                0x0000000080082070                prc_swint1
                0x0000000080081d64                stub_start
                0x000000008008224c                process_ast_q
                0x0000000080082960                eer_write_byte
                0x0000000080081b60                prc_mod_latch
                0x0000000080082a6c                pktPoll
                0x0000000080082830                exception_handler
 .text          0x0000000080082ac0      0xe00 /home/boffo/usr7/rush/game/OS/libos.a(idtc4000.o)
                0x0000000080083008                clean_dcache_indexed
                0x0000000080083730                resettlb
                0x0000000080082ba8                init_cache
                0x0000000080083110                clean_dcache_nowrite_indexed
                0x0000000080083598                set_tlbpid
                0x00000000800830c0                clean_dcache_nowrite
                0x0000000080082f18                clear_cache
                0x0000000080082cd0                flush_cache
                0x0000000080083258                clean_icache_indexed
                0x0000000080082ac0                size_cache
                0x00000000800834e8                ret_tlbhi
                0x0000000080082fb8                clean_dcache
                0x0000000080083440                ret_pagemask
                0x0000000080082e10                flush_cache_nowrite
                0x00000000800837e8                map_tlb4000
                0x00000000800834d8                ret_tlbwired
                0x00000000800833a8                ret_tlblo1
                0x0000000080083208                clean_icache
                0x0000000080083580                ret_tlbpid
                0x0000000080082b50                config_cache
                0x0000000080082db0                flush_dcache
                0x00000000800835b0                tlbprobe
                0x0000000080083310                ret_tlblo0
 .text          0x00000000800838c0      0x620 /home/boffo/usr7/rush/game/OS/libos.a(fexcp.o)
                0x0000000080083ea0                init_fpu
 .text          0x0000000080083ee0      0x1d0 /home/boffo/usr7/rush/game/OS/libos.a(memcpyrxk.o)
                0x0000000080083ee0                memcpy
                0x0000000080083fc0                memset
 .text          0x00000000800840b0      0x620 /home/boffo/usr7/rush/game/OS/libos.a(phx_time.o)
                0x00000000800840b0                tq_maint
                0x0000000080084280                tq_del
                0x0000000080084160                tq_ins
                0x000000008008431c                sho_delay_q
                0x00000000800845a4                time_test
 .text          0x00000000800846d0      0x3d0 /home/boffo/usr7/rush/game/OS/libos.a(dispatch.o)
                0x0000000080084a00                prc_init_vecs
                0x0000000080084804                prc_set_vec
 .text          0x0000000080084aa0      0xf50 /home/boffo/usr7/rush/game/OS/libos.a(selftest.o)
                0x0000000080085290                ROMTest
                0x0000000080085914                st_getenv
                0x0000000080084e0c                SelfTest
                0x0000000080084cfc                ExitInst
                0x0000000080084b98                st_insn
                0x0000000080084b6c                st_bottom
                0x0000000080085330                st_menu
                0x0000000080085764                st_frame
 .text          0x00000000800859f0      0x640 /home/boffo/usr7/rush/game/OS/libos.a(pm.o)
                0x0000000080085ab0                pm_dump_param
                0x00000000800859f0                pm_validate
                0x0000000080085f98                wlc
                0x0000000080085ec4                pm_dump
 .text          0x0000000080086030     0x20f0 /home/boffo/usr7/rush/game/OS/libos.a(eedrive.o)
                0x0000000080087140                eer_clrhist
                0x0000000080086370                eer_hwt
                0x0000000080087008                eer_puth
                0x0000000080087a8c                eer_tally_hist
                0x00000000800867dc                eer_gets
                0x0000000080087b18                eer_user_rd
                0x0000000080087b90                eer_user_wrt
                0x0000000080087bd8                eer_user_free
                0x00000000800863a0                eer_busy
                0x00000000800872d8                eer_hist_title
                0x0000000080086418                eer_init
                0x00000000800862a0                eer_action
                0x0000000080087c34                eer_user_refresh
                0x0000000080086a0c                eer_incs
                0x00000000800871cc                eer_bumph
                0x0000000080086fc4                eer_geth
                0x0000000080086a60                eer_p_incs
                0x0000000080087c2c                eer_user_purge
                0x00000000800868b4                eer_puts
                0x0000000080086bf8                eer_hstw
                0x0000000080086d20                eer_rank
                0x0000000080087664                eer_hist_line
                0x0000000080087bcc                eer_user_flush
                0x0000000080086b4c                eer_hstr
 .text          0x0000000080088120      0x280 /home/boffo/usr7/rush/game/OS/libos.a(cdec_hex.o)
                0x00000000800881fc                utl_chex
                0x0000000080088274                utl_cdec
                0x0000000080088120                __ultodec
 .text          0x00000000800883a0       0xc0 /home/boffo/usr7/rush/game/OS/libos.a(random.o)
                0x00000000800883b0                rand
                0x00000000800883a0                srand
 .text          0x0000000080088460     0x1370 /home/boffo/usr7/rush/game/OS/libos.a(stats.o)
                0x0000000080089710                CoinOptions
                0x0000000080089030                ShowStats
                0x00000000800897a8                GetGameOptions
                0x0000000080089788                PutGameOptions
                0x00000000800896b0                eer_opt
                0x0000000080088688                eer_stop
                0x00000000800886b8                eer_end
                0x0000000080089650                GameStats
                0x000000008008967c                eer_stats
                0x000000008008976c                GetCoinOptions
                0x000000008008865c                eer_start
                0x0000000080088e6c                avgtim
                0x00000000800884e8                eer_play
 .text          0x00000000800897d0      0xce0 /home/boffo/usr7/rush/game/OS/libos.a(mallocr.o)
                0x0000000080089988                guts_free_r
                0x0000000080089ad8                guts_malloc_r
                0x000000008008a45c                heap_remaining
                0x000000008008a128                malloc_init
                0x0000000080089e68                guts_calloc_r
                0x000000008008a33c                _sbrk_r
                0x0000000080089ee0                _realloc_r
                0x000000008008a440                _reset_malloc_r
                0x000000008008a384                _get_free_pool_size_r
                0x0000000080089f00                _free_r
                0x000000008008a480                reset_malloc
                0x0000000080089f58                prc_extend_bss
                0x0000000080089ec0                _malloc_r
                0x000000008008a3fc                _heap_remaining_r
                0x0000000080089c08                guts_realloc_r
                0x000000008008a3a4                _heap_size_r
 .text          0x000000008008a4b0     0x1500 /home/boffo/usr7/rush/game/OS/libos.a(audio.o)
                0x000000008008b298                aud_q_dump
                0x000000008008aa5c                aud_q_mput
                0x000000008008b0d4                aud_f_put
                0x000000008008b3f8                aud_getErrorCount
                0x000000008008b36c                aud_pm
                0x000000008008acd8                aud_setvol
                0x000000008008a4b0                aud_cmd
                0x000000008008a7f0                aud_q_put
                0x000000008008aa00                aud_qlen
                0x000000008008aaec                aud_put
                0x000000008008aef4                aud_irq
                0x000000008008ab08                aud_poll
                0x000000008008a7a8                aud_q_get
                0x000000008008b17c                aud_excw
                0x000000008008a8dc                aud_mput
                0x000000008008a698                aud_init
                0x000000008008a570                aud_reset
                0x000000008008b584                aud_dyn_adjvol
 .text          0x000000008008b9b0     0x1430 /home/boffo/usr7/rush/game/OS/libos.a(phx_coin.o)
                0x000000008008c424                cn_debit
                0x000000008008ba58                cn_click_counter
                0x000000008008c5cc                cn_next
                0x000000008008c67c                cn_total_creds
                0x000000008008b9b0                cn_coin_counters
                0x000000008008ccf8                cn_config
                0x000000008008bdb0                cn_check
                0x000000008008c10c                cn_discount
                0x000000008008c2d8                cn_continues
                0x000000008008bad8                erc_vbex
                0x000000008008c180                cn_credits
                0x000000008008c560                cn_chkcoin
                0x000000008008bd20                cn_add_coin
                0x000000008008bae0                cn_irq
                0x000000008008c4ac                cn_dbcoin
                0x000000008008c148                cn_price
                0x000000008008c668                cn_zap_bonus
                0x000000008008bc44                cn_total_coins
                0x000000008008c058                cn_bong
                0x000000008008c084                cn_init
                0x000000008008c6a4                cn_coins
 .text          0x000000008008cde0     0x1150 /home/boffo/usr7/rush/game/OS/libos.a(pots.o)
                0x000000008008d83c                pot_parabolic
                0x000000008008d9dc                pot_raw
                0x000000008008d260                pot_init
                0x000000008008dab8                pot_save
                0x000000008008d5e0                VBIReadPots
                0x000000008008d994                JoyPot
                0x000000008008d664                pot_linear
                0x000000008008d540                pot_age
                0x000000008008d65c                PotsToSwitches
                0x000000008008cdf4                pot_timer
                0x000000008008cde0                ReadPot
                0x000000008008de38                pot_display